// Jest Snapshot v1, https://goo.gl/fbAQLP

exports[`Answer should equal to snapshot 1`] = `"Answer"`;
